# Output the object properties for one object in text format.
iquery objects#table:0x0
table:0x0:
  binary_data = Binary: 
0000  20 00 11 12 05                                     ....           
  object_name = Example Table
