iquery --recursive --format=json objects
[
    {
        "path": "objects",
        "contents": {
            "root": {
                "table:0x0": {
                    "binary_data": "b64:IAAREgU=",
                    "object_name": "Example Table",
                    "row:0x1": {
                        "cell:0x2": {
                            "name": "(0,0)",
                            "double_value": 6.666666,
                            "value": 0
                        },
                        "cell:0x3": {
                            "name": "(0,1)",
                            "double_value": 13.333333,
                            "value": 0
                        },
                        "cell:0x4": {
                            "name": "(0,2)",
                            "double_value": 20.0,
                            "value": 0
                        }
                    },
                    "row:0x11": {
                        "cell:0x12": {
                            "name": "(4,0)",
                            "double_value": 86.666666,
                            "value": 0
                        },
                        "cell:0x13": {
                            "name": "(4,1)",
                            "double_value": 93.333333,
                            "value": 4
                        },
                        "cell:0x14": {
                            "name": "(4,2)",
                            "double_value": 100.0,
                            "value": 8
                        }
                    },
                    "row:0x5": {
                        "cell:0x6": {
                            "name": "(1,0)",
                            "double_value": 26.666666,
                            "value": 0
                        },
                        "cell:0x7": {
                            "name": "(1,1)",
                            "double_value": 33.333333,
                            "value": 1
                        },
                        "cell:0x8": {
                            "name": "(1,2)",
                            "double_value": 40.0,
                            "value": 2
                        }
                    },
                    "row:0x9": {
                        "cell:0xa": {
                            "name": "(2,0)",
                            "double_value": 46.666666,
                            "value": 0
                        },
                        "cell:0xb": {
                            "name": "(2,1)",
                            "double_value": 53.333333,
                            "value": 2
                        },
                        "cell:0xc": {
                            "name": "(2,2)",
                            "double_value": 60.0,
                            "value": 4
                        }
                    },
                    "row:0xd": {
                        "cell:0x10": {
                            "name": "(3,2)",
                            "double_value": 80.0,
                            "value": 6
                        },
                        "cell:0xe": {
                            "name": "(3,0)",
                            "double_value": 66.666666,
                            "value": 0
                        },
                        "cell:0xf": {
                            "name": "(3,1)",
                            "double_value": 73.333333,
                            "value": 3
                        }
                    }
                }
            }
        }
    }
]
