# Absolute paths gives the full path to each object from the root directory.
iquery --absolute_paths objects#table:0x0
/hub/r/test/*/c/iquery_example_component.cmx/*/out/objects#table:0x0:
  binary_data = Binary: 
0000  20 00 11 12 05                                     ....           
  object_name = Example Table
