iquery --ls --full_paths objects#table:0x0
objects#table:0x0/row:0x1
objects#table:0x0/row:0x11
objects#table:0x0/row:0x5
objects#table:0x0/row:0x9
objects#table:0x0/row:0xd
