# Recursively list all objects.
iquery --recursive --sort --find .
./objects
./objects#table:0x0
./objects#table:0x0/row:0x1
./objects#table:0x0/row:0x1/cell:0x2
./objects#table:0x0/row:0x1/cell:0x3
./objects#table:0x0/row:0x1/cell:0x4
./objects#table:0x0/row:0x11
./objects#table:0x0/row:0x11/cell:0x12
./objects#table:0x0/row:0x11/cell:0x13
./objects#table:0x0/row:0x11/cell:0x14
./objects#table:0x0/row:0x5
./objects#table:0x0/row:0x5/cell:0x6
./objects#table:0x0/row:0x5/cell:0x7
./objects#table:0x0/row:0x5/cell:0x8
./objects#table:0x0/row:0x9
./objects#table:0x0/row:0x9/cell:0xa
./objects#table:0x0/row:0x9/cell:0xb
./objects#table:0x0/row:0x9/cell:0xc
./objects#table:0x0/row:0xd
./objects#table:0x0/row:0xd/cell:0x10
./objects#table:0x0/row:0xd/cell:0xe
./objects#table:0x0/row:0xd/cell:0xf
./objects/root.inspect
./objects/root.inspect#table:0x0
./objects/root.inspect#table:0x0/row:0x1
./objects/root.inspect#table:0x0/row:0x1/cell:0x2
./objects/root.inspect#table:0x0/row:0x1/cell:0x3
./objects/root.inspect#table:0x0/row:0x1/cell:0x4
./objects/root.inspect#table:0x0/row:0x11
./objects/root.inspect#table:0x0/row:0x11/cell:0x12
./objects/root.inspect#table:0x0/row:0x11/cell:0x13
./objects/root.inspect#table:0x0/row:0x11/cell:0x14
./objects/root.inspect#table:0x0/row:0x5
./objects/root.inspect#table:0x0/row:0x5/cell:0x6
./objects/root.inspect#table:0x0/row:0x5/cell:0x7
./objects/root.inspect#table:0x0/row:0x5/cell:0x8
./objects/root.inspect#table:0x0/row:0x9
./objects/root.inspect#table:0x0/row:0x9/cell:0xa
./objects/root.inspect#table:0x0/row:0x9/cell:0xb
./objects/root.inspect#table:0x0/row:0x9/cell:0xc
./objects/root.inspect#table:0x0/row:0xd
./objects/root.inspect#table:0x0/row:0xd/cell:0x10
./objects/root.inspect#table:0x0/row:0xd/cell:0xe
./objects/root.inspect#table:0x0/row:0xd/cell:0xf
