# Full paths lists the relative path to the object listed.
iquery --full_paths --sort objects/root.inspect#table:0x0
objects/root.inspect#table:0x0:
  binary_data = Binary: 
0000  20 00 11 12 05                                     ....           
  object_name = Example Table
