iquery --ls --format=json --full_paths --sort objects/root.inspect#table:0x0
[
    "objects/root.inspect#table:0x0/row:0x1",
    "objects/root.inspect#table:0x0/row:0x11",
    "objects/root.inspect#table:0x0/row:0x5",
    "objects/root.inspect#table:0x0/row:0x9",
    "objects/root.inspect#table:0x0/row:0xd"
]
