// WARNING: This file is machine generated by fidlgen.

#include <bits.test.test.fidl.json.h>

#include "lib/fidl/cpp/internal/implementation.h"
namespace test {
namespace name {

}  // namespace name
}  // namespace test

