# Copyright 2018 The Fuchsia Authors. All rights reserved.
# Use of this source code is governed by a BSD-style license that can be found in the LICENSE file.
#
# WARNING: This file is machine generated by fidlgen.

include <test/name/c/fidl.h>
test_name_MyBits = test_name_MyBits_MY_FIRST_BIT, test_name_MyBits_MY_OTHER_BIT

