// WARNING: This file is machine generated by fidlgen.

#pragma once


namespace test {
namespace name {
namespace testing {

class Interface_TestBase : public Interface {
  public:
  virtual ~Interface_TestBase() { }
  virtual void NotImplemented_(const std::string& name) = 0;
  void Method() override {
    NotImplemented_("Method");
  }

};
}  // namespace testing
}  // namespace name
}  // namespace test
