// WARNING: This file is machine generated by fidlgen.

#pragma once


namespace test {
namespace name {
namespace testing {

class SwitchingOrdinals_TestBase : public SwitchingOrdinals {
  public:
  virtual ~SwitchingOrdinals_TestBase() { }
  virtual void NotImplemented_(const std::string& name) = 0;
  void OrdinalFive() override {
    NotImplemented_("OrdinalFive");
  }
  void OnlyGeneratedOrdinal() override {
    NotImplemented_("OnlyGeneratedOrdinal");
  }

};
}  // namespace testing
}  // namespace name
}  // namespace test
