# Copyright 2018 The Fuchsia Authors. All rights reserved.
# Use of this source code is governed by a BSD-style license that can be found in the LICENSE file.
#
# WARNING: This file is machine generated by fidlgen.

include <test/name/c/fidl.h>


test_name_SwitchingOrdinalsOrdinalFiveRequest {
       hdr fidl_message_header[2005164903]
} [packed]
test_name_SwitchingOrdinalsOrdinalFiveRequestHandles {
       void void
} [packed]
test_name_SwitchingOrdinalsOnlyGeneratedOrdinalRequest {
       hdr fidl_message_header[667506719]
} [packed]
test_name_SwitchingOrdinalsOnlyGeneratedOrdinalRequestHandles {
       void void
} [packed]
test_name_SwitchingOrdinalsEventOrdinalFifteenEvent {
       hdr fidl_message_header[1467258273]
} [packed]
test_name_SwitchingOrdinalsEventOrdinalFifteenEventHandles {
       void void
} [packed]
test_name_SwitchingOrdinalsEventOnlyGeneratedOrdinalEvent {
       hdr fidl_message_header[2146190926]
} [packed]
test_name_SwitchingOrdinalsEventOnlyGeneratedOrdinalEventHandles {
       void void
} [packed]

resource zx_chan_test_name_SwitchingOrdinals_client[zx_chan]
resource zx_chan_test_name_SwitchingOrdinals_server[zx_chan]

zx_channel_create$test_name_SwitchingOrdinals(options const[0], out0 ptr[out, zx_chan_test_name_SwitchingOrdinals_client], out1 ptr[out, zx_chan_test_name_SwitchingOrdinals_server])
fdio_service_connect$test_name_SwitchingOrdinals(path ptr[in, string["/svc/"]], handle zx_chan_test_name_SwitchingOrdinals_server)
zx_channel_write$test_name_SwitchingOrdinalsOrdinalFive(handle zx_chan_test_name_SwitchingOrdinals_client, options const[0], bytes ptr[in, test_name_SwitchingOrdinalsOrdinalFiveRequest], num_bytes bytesize[bytes], handles ptr[in, test_name_SwitchingOrdinalsOrdinalFiveRequestHandles], num_handles bytesize[handles])
zx_channel_write$test_name_SwitchingOrdinalsOnlyGeneratedOrdinal(handle zx_chan_test_name_SwitchingOrdinals_client, options const[0], bytes ptr[in, test_name_SwitchingOrdinalsOnlyGeneratedOrdinalRequest], num_bytes bytesize[bytes], handles ptr[in, test_name_SwitchingOrdinalsOnlyGeneratedOrdinalRequestHandles], num_handles bytesize[handles])
zx_channel_read$test_name_SwitchingOrdinalsEventOrdinalFifteen(handle zx_chan_test_name_SwitchingOrdinals_client, options const[0], bytes ptr[out, array[int8, ZX_CHANNEL_MAX_MSG_BYTES]], num_bytes bytesize[bytes], handles ptr[out, test_name_SwitchingOrdinalsEventOrdinalFifteenEventHandles], num_handles bytesize[handles], actual_bytes ptr[out, int32], actual_handles ptr[out, int32])
zx_channel_read$test_name_SwitchingOrdinalsEventOnlyGeneratedOrdinal(handle zx_chan_test_name_SwitchingOrdinals_client, options const[0], bytes ptr[out, array[int8, ZX_CHANNEL_MAX_MSG_BYTES]], num_bytes bytesize[bytes], handles ptr[out, test_name_SwitchingOrdinalsEventOnlyGeneratedOrdinalEventHandles], num_handles bytesize[handles], actual_bytes ptr[out, int32], actual_handles ptr[out, int32])

