
#include <ordinal_switch.test.fidl.json.overnet_internal.h>
#include "lib/fidl/cpp/internal/implementation.h"
  namespace test {
  namespace name {
  
      
  
  }  // namespace name
  }  // namespace test
