# Copyright 2018 The Fuchsia Authors. All rights reserved.
# Use of this source code is governed by a BSD-style license that can be found in the LICENSE file.
#
# WARNING: This file is machine generated by fidlgen.

include <test/name/c/fidl.h>
test_name_UnionInLine [
       primitive fidl_union_member[test_name_UnionTag_Primitive, int32]
       string_needs_constructorInLine fidl_union_member[test_name_UnionTag_StringNeedsConstructor, fidl_string]
       vector_string_also_needs_constructorInLine fidl_union_member[test_name_UnionTag_VectorStringAlsoNeedsConstructor, fidl_vector]
]
test_name_UnionOutOfLine [
       string_needs_constructorOutOfLine fidl_aligned[stringnoz]
       vector_string_also_needs_constructorOutOfLine parallel_array[fidl_string, fidl_aligned[stringnoz]]
][varlen]
test_name_UnionHandles [
       void void
][varlen]

