// WARNING: This file is machine generated by fidlgen.

#![allow(
	deprecated, // FIDL Impl struct pattern is referenced internally
	unused_parens, // one-element-tuple-case is not a tuple
	unused_mut, // not all args require mutation, but many do
	nonstandard_style, // auto-caps does its best, but is not always successful
)]

#[allow(unused_imports)]
use fuchsia_zircon as zx;
#[allow(unused_imports)]
use fidl::{
	fidl_bits,
	fidl_enum,
	fidl_empty_struct,
	fidl_struct,
	fidl_table,
	fidl_union,
	fidl_xunion,
};


fidl_xunion! {
	#[derive(Debug, PartialEq)]
	name: OlderSimpleUnion,
	members: [
		I {
			ty: i64,
			ordinal: 1026732503,
		},
		F {
			ty: f32,
			ordinal: 1362546558,
		},
	],
}

fidl_xunion! {
	#[derive(Debug, PartialEq)]
	name: NewerSimpleUnion,
	members: [
		I {
			ty: i64,
			ordinal: 693944286,
		},
		S {
			ty: String,
			ordinal: 473666119,
		},
		V {
			ty: Vec<String>,
			ordinal: 1815655055,
		},
	],
}
